#
# There is insufficient memory for the Java Runtime Environment to continue.
# Native memory allocation (malloc) failed to allocate 7452248 bytes. Error detail: Chunk::new
# Possible reasons:
#   The system is out of physical RAM or swap space
#   This process is running with CompressedOops enabled, and the Java Heap may be blocking the growth of the native heap
# Possible solutions:
#   Reduce memory load on the system
#   Increase physical memory or swap space
#   Check if swap backing store is full
#   Decrease Java heap size (-Xmx/-Xms)
#   Decrease number of Java threads
#   Decrease Java thread stack sizes (-Xss)
#   Set larger code cache with -XX:ReservedCodeCacheSize=
#   JVM is running with Unscaled Compressed Oops mode in which the Java heap is
#     placed in the first 4GB address space. The Java Heap base address is the
#     maximum limit for the native heap growth. Please use -XX:HeapBaseMinAddress
#     to set the Java Heap base and to place the Java Heap above 4GB virtual address.
# This output file may be truncated or incomplete.
#
#  Out of Memory Error (arena.cpp:186), pid=35020, tid=30548
#
# JRE version: OpenJDK Runtime Environment JBR-25.0.2+1-329.72-jcef (25.0.2+1) (build 25.0.2+1-b329.72)
# Java VM: OpenJDK 64-Bit Server VM JBR-25.0.2+1-329.72-jcef (25.0.2+1-b329.72, mixed mode, sharing, tiered, compressed oops, compressed class ptrs, g1 gc, windows-amd64)
# No core dump will be written. Minidumps are not enabled by default on client versions of Windows
#

---------------  S U M M A R Y ------------

Command Line: -Djava.rmi.server.hostname=127.0.0.1 -Duser.timezone=UTC -Xmx2048m -Xms128m -Dorg.sqlite.tmpdir=C:\Users\OP5-L85\AppData\Local\JetBrains\PhpStorm2026.1\classpath\native-libs\Xerial SQLiteJDBC\3.51.1\sqlite-jdbc-3.51.1.0\libs --add-exports=java.desktop/sun.awt=ALL-UNNAMED --add-exports=java.desktop/java.awt.peer=ALL-UNNAMED --add-opens=java.desktop/java.awt=ALL-UNNAMED --add-opens=jdk.unsupported/sun.misc=ALL-UNNAMED --add-opens=java.base/java.nio=ALL-UNNAMED --add-opens=java.base/java.util=ALL-UNNAMED -Dfile.encoding=UTF-8 -Dsun.stdout.encoding=UTF-8 -Dsun.stderr.encoding=UTF-8 com.intellij.database.remote.RemoteJdbcServer org.sqlite.JDBC

Host: 13th Gen Intel(R) Core(TM) i5-13420H, 12 cores, 7G,  Windows 11 , 64 bit Build 26100 (10.0.26100.9168)
Time: Mon Aug 31 03:53:46 2026 SE Asia Standard Time elapsed time: 2448.202800 seconds (0d 0h 40m 48s)

---------------  T H R E A D  ---------------

Current thread (0x0000021078b71d20):  JavaThread "C2 CompilerThread0" daemon [_thread_in_native, id=30548, stack(0x000000a92d900000,0x000000a92da00000) (1024K)]


Current CompileTask:
C2:2448203 3230   !   4       java.io.ObjectInputStream::readSerialData (502 bytes)

Stack: [0x000000a92d900000,0x000000a92da00000]
Native frames: (J=compiled Java code, j=interpreted, Vv=VM code, C=native code)
V  [jvm.dll+0x7c0b19]  (no source info available)
V  [jvm.dll+0x78a2ed]  (no source info available)
V  [jvm.dll+0xa0e563]  (no source info available)
V  [jvm.dll+0xa10d5c]  (no source info available)
V  [jvm.dll+0xa11453]  (no source info available)
V  [jvm.dll+0x307b86]  (no source info available)
V  [jvm.dll+0x114676]  (no source info available)
V  [jvm.dll+0x1149a6]  (no source info available)
V  [jvm.dll+0x1a9144]  (no source info available)
V  [jvm.dll+0x3c1142]  (no source info available)
V  [jvm.dll+0x7c6488]  (no source info available)
V  [jvm.dll+0x2c9ce7]  (no source info available)
V  [jvm.dll+0x2c8c5b]  (no source info available)
V  [jvm.dll+0x240590]  (no source info available)
V  [jvm.dll+0x2d8ce4]  (no source info available)
V  [jvm.dll+0x2d6f0b]  (no source info available)
V  [jvm.dll+0x49dbb5]  (no source info available)
V  [jvm.dll+0x9ae45d]  (no source info available)
V  [jvm.dll+0x7bf035]  (no source info available)
C  [ucrtbase.dll+0x2cd30]  (no source info available)
C  [KERNEL32.DLL+0x2ccb7]  (no source info available)
C  [ntdll.dll+0xaad6c]  (no source info available)

Lock stack of current Java thread (top to bottom):


---------------  P R O C E S S  ---------------

Threads class SMR info:
_java_thread_list=0x000002107dcd1a50, length=19, elements={
0x000002105d8d9c50, 0x0000021078b4b8b0, 0x0000021078b577b0, 0x0000021078b58370,
0x0000021078b66a80, 0x0000021078b67840, 0x0000021078b68810, 0x0000021078b6b9f0,
0x0000021078b71d20, 0x0000021078b74ac0, 0x000002107d0d0490, 0x000002107d5f78c0,
0x000002107d60c4e0, 0x000002107d60cca0, 0x000002107d867cb0, 0x000002107d878f80,
0x000002107d87bea0, 0x000002107d87c670, 0x000002107d8804f0
}

Java Threads: ( => current thread )
  0x000002105d8d9c50 JavaThread "main"                              [_thread_blocked, id=23568, stack(0x000000a92ca00000,0x000000a92cb00000) (1024K)]
  0x0000021078b4b8b0 JavaThread "Common-Cleaner"             daemon [_thread_blocked, id=35124, stack(0x000000a92d200000,0x000000a92d300000) (1024K)]
  0x0000021078b577b0 JavaThread "Reference Handler"          daemon [_thread_blocked, id=24672, stack(0x000000a92d300000,0x000000a92d400000) (1024K)]
  0x0000021078b58370 JavaThread "Finalizer"                  daemon [_thread_blocked, id=21808, stack(0x000000a92d400000,0x000000a92d500000) (1024K)]
  0x0000021078b66a80 JavaThread "Signal Dispatcher"          daemon [_thread_blocked, id=35248, stack(0x000000a92d500000,0x000000a92d600000) (1024K)]
  0x0000021078b67840 JavaThread "Attach Listener"            daemon [_thread_blocked, id=23756, stack(0x000000a92d600000,0x000000a92d700000) (1024K)]
  0x0000021078b68810 JavaThread "Service Thread"             daemon [_thread_blocked, id=35336, stack(0x000000a92d700000,0x000000a92d800000) (1024K)]
  0x0000021078b6b9f0 JavaThread "Monitor Deflation Thread"   daemon [_thread_blocked, id=12648, stack(0x000000a92d800000,0x000000a92d900000) (1024K)]
=>0x0000021078b71d20 JavaThread "C2 CompilerThread0"         daemon [_thread_in_native, id=30548, stack(0x000000a92d900000,0x000000a92da00000) (1024K)]
  0x0000021078b74ac0 JavaThread "C1 CompilerThread0"         daemon [_thread_blocked, id=1956, stack(0x000000a92da00000,0x000000a92db00000) (1024K)]
  0x000002107d0d0490 JavaThread "Notification Thread"        daemon [_thread_blocked, id=5552, stack(0x000000a92db00000,0x000000a92dc00000) (1024K)]
  0x000002107d5f78c0 JavaThread "RMI TCP Accept-40875"       daemon [_thread_in_native, id=4216, stack(0x000000a92df00000,0x000000a92e000000) (1024K)]
  0x000002107d60c4e0 JavaThread "RMI TCP Accept-0"           daemon [_thread_in_native, id=26840, stack(0x000000a92e000000,0x000000a92e100000) (1024K)]
  0x000002107d60cca0 JavaThread "RMI Reaper"                        [_thread_blocked, id=14736, stack(0x000000a92e100000,0x000000a92e200000) (1024K)]
  0x000002107d867cb0 JavaThread "RMI GC Daemon"              daemon [_thread_blocked, id=20144, stack(0x000000a92e200000,0x000000a92e300000) (1024K)]
  0x000002107d878f80 JavaThread "RMI TCP Connection(2)-127.0.0.1" daemon [_thread_in_native, id=37648, stack(0x000000a92e300000,0x000000a92e400000) (1024K)]
  0x000002107d87bea0 JavaThread "RMI Scheduler(0)"           daemon [_thread_blocked, id=29148, stack(0x000000a92e500000,0x000000a92e600000) (1024K)]
  0x000002107d87c670 JavaThread "RMI TCP Connection(3)-127.0.0.1" daemon [_thread_in_native, id=22272, stack(0x000000a92e700000,0x000000a92e800000) (1024K)]
  0x000002107d8804f0 JavaThread "RMI RenewClean-[127.0.0.1:60499]" daemon [_thread_blocked, id=20984, stack(0x000000a92e800000,0x000000a92e900000) (1024K)]
Total: 19

Other Threads:
  0x0000021078b3d9b0 VMThread "VM Thread"                           [id=17520, stack(0x000000a92d100000,0x000000a92d200000) (1024K)]
  0x0000021078a06db0 WatcherThread "VM Periodic Task Thread"        [id=27580, stack(0x000000a92d000000,0x000000a92d100000) (1024K)]
  0x000002105fe251b0 WorkerThread "GC Thread#0"                     [id=14108, stack(0x000000a92cb00000,0x000000a92cc00000) (1024K)]
  0x000002107d3b3d30 WorkerThread "GC Thread#1"                     [id=34156, stack(0x000000a92dc00000,0x000000a92dd00000) (1024K)]
  0x000002107d3b4160 WorkerThread "GC Thread#2"                     [id=37288, stack(0x000000a92dd00000,0x000000a92de00000) (1024K)]
  0x000002107d6e64d0 WorkerThread "GC Thread#3"                     [id=13076, stack(0x000000a92de00000,0x000000a92df00000) (1024K)]
  0x000002107dce41d0 WorkerThread "GC Thread#4"                     [id=17944, stack(0x000000a92e900000,0x000000a92ea00000) (1024K)]
  0x000002107dce5610 WorkerThread "GC Thread#5"                     [id=28844, stack(0x000000a92ea00000,0x000000a92eb00000) (1024K)]
  0x000002107dce5a40 WorkerThread "GC Thread#6"                     [id=36948, stack(0x000000a92eb00000,0x000000a92ec00000) (1024K)]
  0x000002107dce96d0 WorkerThread "GC Thread#7"                     [id=25000, stack(0x000000a92ec00000,0x000000a92ed00000) (1024K)]
  0x000002107dce8140 WorkerThread "GC Thread#8"                     [id=18992, stack(0x000000a92ed00000,0x000000a92ee00000) (1024K)]
  0x000002107dce78a0 WorkerThread "GC Thread#9"                     [id=12832, stack(0x000000a92ee00000,0x000000a92ef00000) (1024K)]
  0x000002105fe3e130 ConcurrentGCThread "G1 Main Marker"            [id=5928, stack(0x000000a92cc00000,0x000000a92cd00000) (1024K)]
  0x000002105fe3eb80 WorkerThread "G1 Conc#0"                       [id=37304, stack(0x000000a92cd00000,0x000000a92ce00000) (1024K)]
  0x00000210789f51e0 ConcurrentGCThread "G1 Refine#0"               [id=33832, stack(0x000000a92ce00000,0x000000a92cf00000) (1024K)]
  0x00000210789f5ca0 ConcurrentGCThread "G1 Service"                [id=31352, stack(0x000000a92cf00000,0x000000a92d000000) (1024K)]
Total: 16

Threads with active compile tasks:
C2 CompilerThread0  2448347 3230   !   4       java.io.ObjectInputStream::readSerialData (502 bytes)
Total: 1

VM state: not at safepoint (normal execution)

VM Mutex/Monitor currently owned by a thread: None

Heap address: 0x0000000080000000, size: 2048 MB, Compressed Oops mode: 32-bit

CDS archive(s) mapped at: [0x000000002d000000-0x000000002ecd0000-0x000000002ecd0000), size 30212096, SharedBaseAddress: 0x000000002d000000, ArchiveRelocationMode: 1.
Compressed class space mapped at: 0x000000002f000000-0x000000006f000000, reserved size: 1073741824
UseCompressedClassPointers 1, UseCompactObjectHeaders 0
Narrow klass pointer bits 32, Max shift 3
Narrow klass base: 0x000000002d000000, Narrow klass shift: 0
Encoding Range: [0x000000002d000000 - 0x000000012d000000), (4294967296 bytes)
Klass Range:    [0x000000002d010000 - 0x000000006f000000), (1107230720 bytes)
Klass ID Range:  [65536 - 1107296249) (1107230713)
Protection zone: [0x000000002d000000 - 0x000000002d010000), (65536 bytes)

GC Precious Log:
 CardTable entry size: 512
 Card Set container configuration: InlinePtr #cards 5 size 8 Array Of Cards #cards 10 size 36 Howl #buckets 4 coarsen threshold 1843 Howl Bitmap #cards 512 size 80 coarsen threshold 460 Card regions per heap region 1 cards per card region 2048
 CPUs: 12 total, 12 available
 Memory: 7895M
 Large Page Support: Disabled
 NUMA Support: Disabled
 Compressed Oops: Enabled (32-bit)
 Heap Region Size: 1M
 Heap Min Capacity: 128M
 Heap Initial Capacity: 128M
 Heap Max Capacity: 2G
 Pre-touch: Disabled
 Parallel Workers: 10
 Concurrent Workers: 3
 Concurrent Refinement Workers: 10
 Periodic GC: Disabled

Heap:
 garbage-first heap   total reserved 2097152K, committed 134144K, used 40028K [0x0000000080000000, 0x0000000100000000)
  region size 1024K, 36 young (36864K), 6 survivors (6144K)

Heap Regions: E=young(eden), S=young(survivor), O=old, HS=humongous(starts), HC=humongous(continues), CS=collection set, F=free, TAMS=top-at-mark-start, PB=parsable bottom
|   0|0x0000000080000000, 0x0000000080100000, 0x0000000080100000|100%|HS|  |TAMS 0x0000000080000000| PB 0x0000000080000000| Complete |  0
|   1|0x0000000080100000, 0x0000000080200000, 0x0000000080200000|100%|HS|  |TAMS 0x0000000080100000| PB 0x0000000080100000| Complete |  0
|   2|0x0000000080200000, 0x0000000080200000, 0x0000000080300000|  0%| F|  |TAMS 0x0000000080200000| PB 0x0000000080200000| Untracked |  0
|   3|0x0000000080300000, 0x0000000080300000, 0x0000000080400000|  0%| F|  |TAMS 0x0000000080300000| PB 0x0000000080300000| Untracked |  0
|   4|0x0000000080400000, 0x0000000080400000, 0x0000000080500000|  0%| F|  |TAMS 0x0000000080400000| PB 0x0000000080400000| Untracked |  0
|   5|0x0000000080500000, 0x0000000080500000, 0x0000000080600000|  0%| F|  |TAMS 0x0000000080500000| PB 0x0000000080500000| Untracked |  0
|   6|0x0000000080600000, 0x0000000080600000, 0x0000000080700000|  0%| F|  |TAMS 0x0000000080600000| PB 0x0000000080600000| Untracked |  0
|   7|0x0000000080700000, 0x0000000080700000, 0x0000000080800000|  0%| F|  |TAMS 0x0000000080700000| PB 0x0000000080700000| Untracked |  0
|   8|0x0000000080800000, 0x0000000080800000, 0x0000000080900000|  0%| F|  |TAMS 0x0000000080800000| PB 0x0000000080800000| Untracked |  0
|   9|0x0000000080900000, 0x0000000080900000, 0x0000000080a00000|  0%| F|  |TAMS 0x0000000080900000| PB 0x0000000080900000| Untracked |  0
|  10|0x0000000080a00000, 0x0000000080a00000, 0x0000000080b00000|  0%| F|  |TAMS 0x0000000080a00000| PB 0x0000000080a00000| Untracked |  0
|  11|0x0000000080b00000, 0x0000000080b00000, 0x0000000080c00000|  0%| F|  |TAMS 0x0000000080b00000| PB 0x0000000080b00000| Untracked |  0
|  12|0x0000000080c00000, 0x0000000080c00000, 0x0000000080d00000|  0%| F|  |TAMS 0x0000000080c00000| PB 0x0000000080c00000| Untracked |  0
|  13|0x0000000080d00000, 0x0000000080d00000, 0x0000000080e00000|  0%| F|  |TAMS 0x0000000080d00000| PB 0x0000000080d00000| Untracked |  0
|  14|0x0000000080e00000, 0x0000000080e00000, 0x0000000080f00000|  0%| F|  |TAMS 0x0000000080e00000| PB 0x0000000080e00000| Untracked |  0
|  15|0x0000000080f00000, 0x0000000080f00000, 0x0000000081000000|  0%| F|  |TAMS 0x0000000080f00000| PB 0x0000000080f00000| Untracked |  0
|  16|0x0000000081000000, 0x0000000081000000, 0x0000000081100000|  0%| F|  |TAMS 0x0000000081000000| PB 0x0000000081000000| Untracked |  0
|  17|0x0000000081100000, 0x0000000081100000, 0x0000000081200000|  0%| F|  |TAMS 0x0000000081100000| PB 0x0000000081100000| Untracked |  0
|  18|0x0000000081200000, 0x0000000081200000, 0x0000000081300000|  0%| F|  |TAMS 0x0000000081200000| PB 0x0000000081200000| Untracked |  0
|  19|0x0000000081300000, 0x0000000081300000, 0x0000000081400000|  0%| F|  |TAMS 0x0000000081300000| PB 0x0000000081300000| Untracked |  0
|  20|0x0000000081400000, 0x0000000081400000, 0x0000000081500000|  0%| F|  |TAMS 0x0000000081400000| PB 0x0000000081400000| Untracked |  0
|  21|0x0000000081500000, 0x0000000081500000, 0x0000000081600000|  0%| F|  |TAMS 0x0000000081500000| PB 0x0000000081500000| Untracked |  0
|  22|0x0000000081600000, 0x0000000081600000, 0x0000000081700000|  0%| F|  |TAMS 0x0000000081600000| PB 0x0000000081600000| Untracked |  0
|  23|0x0000000081700000, 0x0000000081700000, 0x0000000081800000|  0%| F|  |TAMS 0x0000000081700000| PB 0x0000000081700000| Untracked |  0
|  24|0x0000000081800000, 0x0000000081800000, 0x0000000081900000|  0%| F|  |TAMS 0x0000000081800000| PB 0x0000000081800000| Untracked |  0
|  25|0x0000000081900000, 0x0000000081900000, 0x0000000081a00000|  0%| F|  |TAMS 0x0000000081900000| PB 0x0000000081900000| Untracked |  0
|  26|0x0000000081a00000, 0x0000000081a00000, 0x0000000081b00000|  0%| F|  |TAMS 0x0000000081a00000| PB 0x0000000081a00000| Untracked |  0
|  27|0x0000000081b00000, 0x0000000081b00000, 0x0000000081c00000|  0%| F|  |TAMS 0x0000000081b00000| PB 0x0000000081b00000| Untracked |  0
|  28|0x0000000081c00000, 0x0000000081c00000, 0x0000000081d00000|  0%| F|  |TAMS 0x0000000081c00000| PB 0x0000000081c00000| Untracked |  0
|  29|0x0000000081d00000, 0x0000000081d00000, 0x0000000081e00000|  0%| F|  |TAMS 0x0000000081d00000| PB 0x0000000081d00000| Untracked |  0
|  30|0x0000000081e00000, 0x0000000081e00000, 0x0000000081f00000|  0%| F|  |TAMS 0x0000000081e00000| PB 0x0000000081e00000| Untracked |  0
|  31|0x0000000081f00000, 0x0000000081f00000, 0x0000000082000000|  0%| F|  |TAMS 0x0000000081f00000| PB 0x0000000081f00000| Untracked |  0
|  32|0x0000000082000000, 0x0000000082000000, 0x0000000082100000|  0%| F|  |TAMS 0x0000000082000000| PB 0x0000000082000000| Untracked |  0
|  33|0x0000000082100000, 0x0000000082100000, 0x0000000082200000|  0%| F|  |TAMS 0x0000000082100000| PB 0x0000000082100000| Untracked |  0
|  34|0x0000000082200000, 0x0000000082200000, 0x0000000082300000|  0%| F|  |TAMS 0x0000000082200000| PB 0x0000000082200000| Untracked |  0
|  35|0x0000000082300000, 0x0000000082300000, 0x0000000082400000|  0%| F|  |TAMS 0x0000000082300000| PB 0x0000000082300000| Untracked |  0
|  36|0x0000000082400000, 0x0000000082400000, 0x0000000082500000|  0%| F|  |TAMS 0x0000000082400000| PB 0x0000000082400000| Untracked |  0
|  37|0x0000000082500000, 0x0000000082500000, 0x0000000082600000|  0%| F|  |TAMS 0x0000000082500000| PB 0x0000000082500000| Untracked |  0
|  38|0x0000000082600000, 0x0000000082600000, 0x0000000082700000|  0%| F|  |TAMS 0x0000000082600000| PB 0x0000000082600000| Untracked |  0
|  39|0x0000000082700000, 0x0000000082700000, 0x0000000082800000|  0%| F|  |TAMS 0x0000000082700000| PB 0x0000000082700000| Untracked |  0
|  40|0x0000000082800000, 0x0000000082800000, 0x0000000082900000|  0%| F|  |TAMS 0x0000000082800000| PB 0x0000000082800000| Untracked |  0
|  41|0x0000000082900000, 0x0000000082900000, 0x0000000082a00000|  0%| F|  |TAMS 0x0000000082900000| PB 0x0000000082900000| Untracked |  0
|  42|0x0000000082a00000, 0x0000000082a00000, 0x0000000082b00000|  0%| F|  |TAMS 0x0000000082a00000| PB 0x0000000082a00000| Untracked |  0
|  43|0x0000000082b00000, 0x0000000082b00000, 0x0000000082c00000|  0%| F|  |TAMS 0x0000000082b00000| PB 0x0000000082b00000| Untracked |  0
|  44|0x0000000082c00000, 0x0000000082c00000, 0x0000000082d00000|  0%| F|  |TAMS 0x0000000082c00000| PB 0x0000000082c00000| Untracked |  0
|  45|0x0000000082d00000, 0x0000000082d00000, 0x0000000082e00000|  0%| F|  |TAMS 0x0000000082d00000| PB 0x0000000082d00000| Untracked |  0
|  46|0x0000000082e00000, 0x0000000082e00000, 0x0000000082f00000|  0%| F|  |TAMS 0x0000000082e00000| PB 0x0000000082e00000| Untracked |  0
|  47|0x0000000082f00000, 0x0000000082f00000, 0x0000000083000000|  0%| F|  |TAMS 0x0000000082f00000| PB 0x0000000082f00000| Untracked |  0
|  48|0x0000000083000000, 0x0000000083000000, 0x0000000083100000|  0%| F|  |TAMS 0x0000000083000000| PB 0x0000000083000000| Untracked |  0
|  49|0x0000000083100000, 0x0000000083100000, 0x0000000083200000|  0%| F|  |TAMS 0x0000000083100000| PB 0x0000000083100000| Untracked |  0
|  50|0x0000000083200000, 0x0000000083200000, 0x0000000083300000|  0%| F|  |TAMS 0x0000000083200000| PB 0x0000000083200000| Untracked |  0
|  51|0x0000000083300000, 0x0000000083300000, 0x0000000083400000|  0%| F|  |TAMS 0x0000000083300000| PB 0x0000000083300000| Untracked |  0
|  52|0x0000000083400000, 0x0000000083400000, 0x0000000083500000|  0%| F|  |TAMS 0x0000000083400000| PB 0x0000000083400000| Untracked |  0
|  53|0x0000000083500000, 0x0000000083500000, 0x0000000083600000|  0%| F|  |TAMS 0x0000000083500000| PB 0x0000000083500000| Untracked |  0
|  54|0x0000000083600000, 0x0000000083600000, 0x0000000083700000|  0%| F|  |TAMS 0x0000000083600000| PB 0x0000000083600000| Untracked |  0
|  55|0x0000000083700000, 0x0000000083700000, 0x0000000083800000|  0%| F|  |TAMS 0x0000000083700000| PB 0x0000000083700000| Untracked |  0
|  56|0x0000000083800000, 0x0000000083800000, 0x0000000083900000|  0%| F|  |TAMS 0x0000000083800000| PB 0x0000000083800000| Untracked |  0
|  57|0x0000000083900000, 0x0000000083900000, 0x0000000083a00000|  0%| F|  |TAMS 0x0000000083900000| PB 0x0000000083900000| Untracked |  0
|  58|0x0000000083a00000, 0x0000000083a00000, 0x0000000083b00000|  0%| F|  |TAMS 0x0000000083a00000| PB 0x0000000083a00000| Untracked |  0
|  59|0x0000000083b00000, 0x0000000083b00000, 0x0000000083c00000|  0%| F|  |TAMS 0x0000000083b00000| PB 0x0000000083b00000| Untracked |  0
|  60|0x0000000083c00000, 0x0000000083c00000, 0x0000000083d00000|  0%| F|  |TAMS 0x0000000083c00000| PB 0x0000000083c00000| Untracked |  0
|  61|0x0000000083d00000, 0x0000000083d00000, 0x0000000083e00000|  0%| F|  |TAMS 0x0000000083d00000| PB 0x0000000083d00000| Untracked |  0
|  62|0x0000000083e00000, 0x0000000083e00000, 0x0000000083f00000|  0%| F|  |TAMS 0x0000000083e00000| PB 0x0000000083e00000| Untracked |  0
|  63|0x0000000083f00000, 0x0000000083fd60e0, 0x0000000084000000| 83%| S|CS|TAMS 0x0000000083f00000| PB 0x0000000083f00000| Complete |  0
|  64|0x0000000084000000, 0x0000000084100000, 0x0000000084100000|100%| S|CS|TAMS 0x0000000084000000| PB 0x0000000084000000| Complete |  0
|  65|0x0000000084100000, 0x0000000084200000, 0x0000000084200000|100%| S|CS|TAMS 0x0000000084100000| PB 0x0000000084100000| Complete |  0
|  66|0x0000000084200000, 0x0000000084300000, 0x0000000084300000|100%| S|CS|TAMS 0x0000000084200000| PB 0x0000000084200000| Complete |  0
|  67|0x0000000084300000, 0x0000000084400000, 0x0000000084400000|100%| S|CS|TAMS 0x0000000084300000| PB 0x0000000084300000| Complete |  0
|  68|0x0000000084400000, 0x0000000084500000, 0x0000000084500000|100%| S|CS|TAMS 0x0000000084400000| PB 0x0000000084400000| Complete |  0
|  69|0x0000000084500000, 0x0000000084500000, 0x0000000084600000|  0%| F|  |TAMS 0x0000000084500000| PB 0x0000000084500000| Untracked |  0
|  70|0x0000000084600000, 0x0000000084600000, 0x0000000084700000|  0%| F|  |TAMS 0x0000000084600000| PB 0x0000000084600000| Untracked |  0
|  71|0x0000000084700000, 0x0000000084700000, 0x0000000084800000|  0%| F|  |TAMS 0x0000000084700000| PB 0x0000000084700000| Untracked |  0
|  72|0x0000000084800000, 0x0000000084800000, 0x0000000084900000|  0%| F|  |TAMS 0x0000000084800000| PB 0x0000000084800000| Untracked |  0
|  73|0x0000000084900000, 0x0000000084900000, 0x0000000084a00000|  0%| F|  |TAMS 0x0000000084900000| PB 0x0000000084900000| Untracked |  0
|  74|0x0000000084a00000, 0x0000000084a00000, 0x0000000084b00000|  0%| F|  |TAMS 0x0000000084a00000| PB 0x0000000084a00000| Untracked |  0
|  75|0x0000000084b00000, 0x0000000084b00000, 0x0000000084c00000|  0%| F|  |TAMS 0x0000000084b00000| PB 0x0000000084b00000| Untracked |  0
|  76|0x0000000084c00000, 0x0000000084c00000, 0x0000000084d00000|  0%| F|  |TAMS 0x0000000084c00000| PB 0x0000000084c00000| Untracked |  0
|  77|0x0000000084d00000, 0x0000000084d00000, 0x0000000084e00000|  0%| F|  |TAMS 0x0000000084d00000| PB 0x0000000084d00000| Untracked |  0
|  78|0x0000000084e00000, 0x0000000084e00000, 0x0000000084f00000|  0%| F|  |TAMS 0x0000000084e00000| PB 0x0000000084e00000| Untracked |  0
|  79|0x0000000084f00000, 0x0000000084f00000, 0x0000000085000000|  0%| F|  |TAMS 0x0000000084f00000| PB 0x0000000084f00000| Untracked |  0
|  80|0x0000000085000000, 0x0000000085000000, 0x0000000085100000|  0%| F|  |TAMS 0x0000000085000000| PB 0x0000000085000000| Untracked |  0
|  81|0x0000000085100000, 0x0000000085100000, 0x0000000085200000|  0%| F|  |TAMS 0x0000000085100000| PB 0x0000000085100000| Untracked |  0
|  82|0x0000000085200000, 0x0000000085200000, 0x0000000085300000|  0%| F|  |TAMS 0x0000000085200000| PB 0x0000000085200000| Untracked |  0
|  83|0x0000000085300000, 0x0000000085300000, 0x0000000085400000|  0%| F|  |TAMS 0x0000000085300000| PB 0x0000000085300000| Untracked |  0
|  84|0x0000000085400000, 0x0000000085400000, 0x0000000085500000|  0%| F|  |TAMS 0x0000000085400000| PB 0x0000000085400000| Untracked |  0
|  85|0x0000000085500000, 0x0000000085500000, 0x0000000085600000|  0%| F|  |TAMS 0x0000000085500000| PB 0x0000000085500000| Untracked |  0
|  86|0x0000000085600000, 0x0000000085600000, 0x0000000085700000|  0%| F|  |TAMS 0x0000000085600000| PB 0x0000000085600000| Untracked |  0
|  87|0x0000000085700000, 0x0000000085700000, 0x0000000085800000|  0%| F|  |TAMS 0x0000000085700000| PB 0x0000000085700000| Untracked |  0
|  88|0x0000000085800000, 0x0000000085800000, 0x0000000085900000|  0%| F|  |TAMS 0x0000000085800000| PB 0x0000000085800000| Untracked |  0
|  89|0x0000000085900000, 0x0000000085900000, 0x0000000085a00000|  0%| F|  |TAMS 0x0000000085900000| PB 0x0000000085900000| Untracked |  0
|  90|0x0000000085a00000, 0x0000000085a00000, 0x0000000085b00000|  0%| F|  |TAMS 0x0000000085a00000| PB 0x0000000085a00000| Untracked |  0
|  91|0x0000000085b00000, 0x0000000085b00000, 0x0000000085c00000|  0%| F|  |TAMS 0x0000000085b00000| PB 0x0000000085b00000| Untracked |  0
|  92|0x0000000085c00000, 0x0000000085c00000, 0x0000000085d00000|  0%| F|  |TAMS 0x0000000085c00000| PB 0x0000000085c00000| Untracked |  0
|  93|0x0000000085d00000, 0x0000000085d00000, 0x0000000085e00000|  0%| F|  |TAMS 0x0000000085d00000| PB 0x0000000085d00000| Untracked |  0
|  94|0x0000000085e00000, 0x0000000085e00000, 0x0000000085f00000|  0%| F|  |TAMS 0x0000000085e00000| PB 0x0000000085e00000| Untracked |  0
|  95|0x0000000085f00000, 0x0000000085f00000, 0x0000000086000000|  0%| F|  |TAMS 0x0000000085f00000| PB 0x0000000085f00000| Untracked |  0
|  96|0x0000000086000000, 0x0000000086000000, 0x0000000086100000|  0%| F|  |TAMS 0x0000000086000000| PB 0x0000000086000000| Untracked |  0
|  97|0x0000000086100000, 0x0000000086100000, 0x0000000086200000|  0%| F|  |TAMS 0x0000000086100000| PB 0x0000000086100000| Untracked |  0
|  98|0x0000000086200000, 0x00000000862f90e0, 0x0000000086300000| 97%| E|  |TAMS 0x0000000086200000| PB 0x0000000086200000| Complete |  0
|  99|0x0000000086300000, 0x0000000086400000, 0x0000000086400000|100%| E|CS|TAMS 0x0000000086300000| PB 0x0000000086300000| Complete |  0
| 100|0x0000000086400000, 0x0000000086500000, 0x0000000086500000|100%| E|CS|TAMS 0x0000000086400000| PB 0x0000000086400000| Complete |  0
| 101|0x0000000086500000, 0x0000000086600000, 0x0000000086600000|100%| E|CS|TAMS 0x0000000086500000| PB 0x0000000086500000| Complete |  0
| 102|0x0000000086600000, 0x0000000086700000, 0x0000000086700000|100%| E|CS|TAMS 0x0000000086600000| PB 0x0000000086600000| Complete |  0
| 103|0x0000000086700000, 0x0000000086800000, 0x0000000086800000|100%| E|CS|TAMS 0x0000000086700000| PB 0x0000000086700000| Complete |  0
| 104|0x0000000086800000, 0x0000000086900000, 0x0000000086900000|100%| E|CS|TAMS 0x0000000086800000| PB 0x0000000086800000| Complete |  0
| 105|0x0000000086900000, 0x0000000086a00000, 0x0000000086a00000|100%| E|CS|TAMS 0x0000000086900000| PB 0x0000000086900000| Complete |  0
| 106|0x0000000086a00000, 0x0000000086b00000, 0x0000000086b00000|100%| E|CS|TAMS 0x0000000086a00000| PB 0x0000000086a00000| Complete |  0
| 107|0x0000000086b00000, 0x0000000086c00000, 0x0000000086c00000|100%| E|CS|TAMS 0x0000000086b00000| PB 0x0000000086b00000| Complete |  0
| 108|0x0000000086c00000, 0x0000000086d00000, 0x0000000086d00000|100%| E|CS|TAMS 0x0000000086c00000| PB 0x0000000086c00000| Complete |  0
| 109|0x0000000086d00000, 0x0000000086e00000, 0x0000000086e00000|100%| E|CS|TAMS 0x0000000086d00000| PB 0x0000000086d00000| Complete |  0
| 110|0x0000000086e00000, 0x0000000086f00000, 0x0000000086f00000|100%| E|CS|TAMS 0x0000000086e00000| PB 0x0000000086e00000| Complete |  0
| 111|0x0000000086f00000, 0x0000000087000000, 0x0000000087000000|100%| E|CS|TAMS 0x0000000086f00000| PB 0x0000000086f00000| Complete |  0
| 112|0x0000000087000000, 0x0000000087100000, 0x0000000087100000|100%| E|CS|TAMS 0x0000000087000000| PB 0x0000000087000000| Complete |  0
| 113|0x0000000087100000, 0x0000000087200000, 0x0000000087200000|100%| E|CS|TAMS 0x0000000087100000| PB 0x0000000087100000| Complete |  0
| 114|0x0000000087200000, 0x0000000087300000, 0x0000000087300000|100%| E|CS|TAMS 0x0000000087200000| PB 0x0000000087200000| Complete |  0
| 115|0x0000000087300000, 0x0000000087400000, 0x0000000087400000|100%| E|CS|TAMS 0x0000000087300000| PB 0x0000000087300000| Complete |  0
| 116|0x0000000087400000, 0x0000000087500000, 0x0000000087500000|100%| E|CS|TAMS 0x0000000087400000| PB 0x0000000087400000| Complete |  0
| 117|0x0000000087500000, 0x0000000087600000, 0x0000000087600000|100%| E|CS|TAMS 0x0000000087500000| PB 0x0000000087500000| Complete |  0
| 118|0x0000000087600000, 0x0000000087700000, 0x0000000087700000|100%| E|CS|TAMS 0x0000000087600000| PB 0x0000000087600000| Complete |  0
| 119|0x0000000087700000, 0x0000000087800000, 0x0000000087800000|100%| E|CS|TAMS 0x0000000087700000| PB 0x0000000087700000| Complete |  0
| 120|0x0000000087800000, 0x0000000087900000, 0x0000000087900000|100%| E|CS|TAMS 0x0000000087800000| PB 0x0000000087800000| Complete |  0
| 121|0x0000000087900000, 0x0000000087a00000, 0x0000000087a00000|100%| E|CS|TAMS 0x0000000087900000| PB 0x0000000087900000| Complete |  0
| 122|0x0000000087a00000, 0x0000000087b00000, 0x0000000087b00000|100%| E|CS|TAMS 0x0000000087a00000| PB 0x0000000087a00000| Complete |  0
| 123|0x0000000087b00000, 0x0000000087c00000, 0x0000000087c00000|100%| E|CS|TAMS 0x0000000087b00000| PB 0x0000000087b00000| Complete |  0
| 124|0x0000000087c00000, 0x0000000087d00000, 0x0000000087d00000|100%| E|CS|TAMS 0x0000000087c00000| PB 0x0000000087c00000| Complete |  0
| 125|0x0000000087d00000, 0x0000000087e00000, 0x0000000087e00000|100%| E|CS|TAMS 0x0000000087d00000| PB 0x0000000087d00000| Complete |  0
| 126|0x0000000087e00000, 0x0000000087f00000, 0x0000000087f00000|100%| E|CS|TAMS 0x0000000087e00000| PB 0x0000000087e00000| Complete |  0
| 127|0x0000000087f00000, 0x0000000088000000, 0x0000000088000000|100%| E|CS|TAMS 0x0000000087f00000| PB 0x0000000087f00000| Complete |  0
|2045|0x00000000ffd00000, 0x00000000ffe00000, 0x00000000ffe00000|100%| O|  |TAMS 0x00000000ffd00000| PB 0x00000000ffd00000| Untracked |  0
|2046|0x00000000ffe00000, 0x00000000fff00000, 0x00000000fff00000|100%| O|  |TAMS 0x00000000ffe00000| PB 0x00000000ffe00000| Untracked |  0
|2047|0x00000000fff00000, 0x00000000fff41038, 0x0000000100000000| 25%| O|  |TAMS 0x00000000fff00000| PB 0x00000000fff00000| Untracked |  0

Card table byte_map: [0x0000021073b10000,0x0000021073f10000] _byte_map_base: 0x0000021073710000

Marking Bits: (CMBitMap*) 0x000002105fe257f0
 Bits: [0x0000021073f10000, 0x0000021075f10000)

Polling page: 0x000002105daf0000

Metaspace:
Metaspace        used 10084K, committed 10496K, reserved 1114112K
 class space     used 1196K, committed 1408K, reserved 1048576K

Usage:
  Non-class:      8.68 MB used.
      Class:      1.17 MB used.
       Both:      9.85 MB used.

Virtual space:
  Non-class space:       64.00 MB reserved,       8.88 MB ( 14%) committed,  1 nodes.
      Class space:        1.00 GB reserved,       1.38 MB ( <1%) committed,  1 nodes.
             Both:        1.06 GB reserved,      10.25 MB ( <1%) committed. 

Chunk freelists:
   Non-Class:  6.41 MB
       Class:  14.50 MB
        Both:  20.91 MB

MaxMetaspaceSize: unlimited
CompressedClassSpaceSize: 1.00 GB
Initial GC threshold: 21.00 MB
Current GC threshold: 21.00 MB
CDS: on
 - commit_granule_bytes: 65536.
 - commit_granule_words: 8192.
 - virtual_space_node_default_size: 8388608.
 - enlarge_chunks_in_place: 1.
UseCompressedClassPointers 1, UseCompactObjectHeaders 0
Narrow klass pointer bits 32, Max shift 3
Narrow klass base: 0x000000002d000000, Narrow klass shift: 0
Encoding Range: [0x000000002d000000 - 0x000000012d000000), (4294967296 bytes)
Klass Range:    [0x000000002d010000 - 0x000000006f000000), (1107230720 bytes)
Klass ID Range:  [65536 - 1107296249) (1107230713)
Protection zone: [0x000000002d000000 - 0x000000002d010000), (65536 bytes)


Internal statistics:

num_allocs_failed_limit: 0.
num_arena_births: 286.
num_arena_deaths: 0.
num_vsnodes_births: 2.
num_vsnodes_deaths: 0.
num_space_committed: 164.
num_space_uncommitted: 0.
num_chunks_returned_to_freelist: 0.
num_chunks_taken_from_freelist: 576.
num_chunk_merges: 0.
num_chunk_splits: 418.
num_chunks_enlarged: 300.
num_inconsistent_stats: 0.

CodeHeap 'non-profiled nmethods': size=120064Kb used=1065Kb max_used=1065Kb free=118998Kb
 bounds [0x000002106bc80000, 0x000002106bef0000, 0x00000210731c0000]
CodeHeap 'profiled nmethods': size=120000Kb used=4917Kb max_used=4917Kb free=115083Kb
 bounds [0x00000210641c0000, 0x0000021064690000, 0x000002106b6f0000]
CodeHeap 'non-nmethods': size=5696Kb used=1417Kb max_used=1573Kb free=4278Kb
 bounds [0x000002106b6f0000, 0x000002106b960000, 0x000002106bc80000]
CodeCache: size=245760Kb, used=7399Kb, max_used=7555Kb, free=238359Kb
 total_blobs=3774, nmethods=3229, adapters=447, full_count=0
Compilation: enabled, stopped_count=0, restarted_count=0

Compilation events (20 events):
Event: 2128.252 Thread 0x0000021078b74ac0 nmethod 3221 0x0000021064686288 code [0x0000021064686380, 0x0000021064686cb0]
Event: 2128.252 Thread 0x0000021078b74ac0 3222       3       java.util.concurrent.locks.AbstractQueuedSynchronizer$ConditionObject::enableWait (84 bytes)
Event: 2128.258 Thread 0x0000021078b74ac0 nmethod 3222 0x0000021064686d08 code [0x0000021064686e00, 0x0000021064687690]
Event: 2128.258 Thread 0x0000021078b74ac0 3219   !   3       java.util.concurrent.locks.AbstractQueuedSynchronizer::reacquire (64 bytes)
Event: 2128.260 Thread 0x0000021078b74ac0 nmethod 3219 0x0000021064687708 code [0x0000021064687800, 0x0000021064687cd0]
Event: 2290.661 Thread 0x0000021078b74ac0 3223       3       sun.rmi.registry.RegistryImpl_Skel::getOperations (10 bytes)
Event: 2290.669 Thread 0x0000021078b74ac0 nmethod 3223 0x0000021064687d08 code [0x0000021064687e00, 0x0000021064688090]
Event: 2290.669 Thread 0x0000021078b74ac0 3224   !   3       sun.rmi.registry.RegistryImpl_Skel::dispatch (620 bytes)
Event: 2290.699 Thread 0x0000021078b74ac0 nmethod 3224 0x0000021064688108 code [0x0000021064688200, 0x000002106468ca68]
Event: 2290.699 Thread 0x0000021078b74ac0 3225   !   3       sun.rmi.registry.RegistryImpl::lookup (43 bytes)
Event: 2290.700 Thread 0x0000021078b74ac0 nmethod 3225 0x000002106468ca88 code [0x000002106468cb80, 0x000002106468d0d0]
Event: 2299.671 Thread 0x0000021078b71d20 3226       4       java.lang.reflect.Constructor::newInstanceWithCaller (51 bytes)
Event: 2299.711 Thread 0x0000021078b71d20 nmethod 3226 0x000002106bd89508 code [0x000002106bd89600, 0x000002106bd89a60]
Event: 2299.712 Thread 0x0000021078b71d20 3227   !   4       jdk.internal.reflect.DirectConstructorHandleAccessor::newInstance (130 bytes)
Event: 2299.716 Thread 0x0000021078b71d20 nmethod 3227 0x000002106bd89a88 code [0x000002106bd89b80, 0x000002106bd89ed0]
Event: 2317.681 Thread 0x0000021078b74ac0 3228       3       com.intellij.execution.rmi.IdeaWatchdogImpl::ping (12 bytes)
Event: 2317.683 Thread 0x0000021078b74ac0 nmethod 3228 0x000002106468d108 code [0x000002106468d200, 0x000002106468d3f8]
Event: 2414.635 Thread 0x0000021078b71d20 3229       4       java.io.FilterInputStream::read (8 bytes)
Event: 2414.647 Thread 0x0000021078b71d20 nmethod 3229 0x000002106bd89f08 code [0x000002106bd8a000, 0x000002106bd8a700]
Event: 2445.702 Thread 0x0000021078b71d20 3230   !   4       java.io.ObjectInputStream::readSerialData (502 bytes)

GC Heap Usage History (4 events):
Event: 0.786 {heap Before GC invocations=0 (full 0):
 garbage-first heap   total reserved 2097152K, committed 134144K, used 52484K [0x0000000080000000, 0x0000000100000000)
  region size 1024K, 47 young (48128K), 0 survivors (0K)
}
Event: 0.794 {heap After GC invocations=1 (full 0):
 garbage-first heap   total reserved 2097152K, committed 134144K, used 6937K [0x0000000080000000, 0x0000000100000000)
  region size 1024K, 3 young (3072K), 3 survivors (3072K)
}
Event: 3.943 {heap Before GC invocations=1 (full 0):
 garbage-first heap   total reserved 2097152K, committed 134144K, used 64281K [0x0000000080000000, 0x0000000100000000)
  region size 1024K, 59 young (60416K), 3 survivors (3072K)
}
Event: 3.955 {heap After GC invocations=2 (full 0):
 garbage-first heap   total reserved 2097152K, committed 134144K, used 10332K [0x0000000080000000, 0x0000000100000000)
  region size 1024K, 6 young (6144K), 6 survivors (6144K)
}

Metaspace Usage History (4 events):
Event: 0.786 {metaspace Before GC invocations=0 (full 0):
 Metaspace       used 2497K, committed 2688K, reserved 1114112K
  class space    used 347K, committed 448K, reserved 1048576K
}
Event: 0.794 {metaspace After GC invocations=1 (full 0):
 Metaspace       used 2497K, committed 2688K, reserved 1114112K
  class space    used 347K, committed 448K, reserved 1048576K
}
Event: 3.943 {metaspace Before GC invocations=1 (full 0):
 Metaspace       used 9147K, committed 9472K, reserved 1114112K
  class space    used 1127K, committed 1280K, reserved 1048576K
}
Event: 3.955 {metaspace After GC invocations=2 (full 0):
 Metaspace       used 9147K, committed 9472K, reserved 1114112K
  class space    used 1127K, committed 1280K, reserved 1048576K
}

Dll operation events (2 events):
Event: 0.019 Loaded shared library C:\Program Files\JetBrains\PhpStorm 2025.3.3\jbr\bin\java.dll
Event: 0.285 Loaded shared library C:\Program Files\JetBrains\PhpStorm 2025.3.3\jbr\bin\zip.dll

Deoptimization events (20 events):
Event: 302.468 Thread 0x000002107d8804f0 Uncommon trap: trap_request=0xffffff45 fr.pc=0x000002106bd69ca8 relative=0x00000000000016a8
Event: 302.468 Thread 0x000002107d8804f0 Uncommon trap: reason=unstable_if action=reinterpret pc=0x000002106bd69ca8 method=sun.rmi.transport.StreamRemoteCall.getInputStream()Ljava/io/ObjectInput; @ 42 c2
Event: 302.469 Thread 0x000002107d8804f0 DEOPT PACKING pc=0x000002106bd69ca8 sp=0x000000a92e8ff040
Event: 302.469 Thread 0x000002107d8804f0 DEOPT UNPACKING pc=0x000002106b80f082 sp=0x000000a92e8ff050 mode 2
Event: 302.469 Thread 0x000002107d8804f0 Uncommon trap: trap_request=0xffffffde fr.pc=0x000002106bd58f80 relative=0x0000000000000180
Event: 302.471 Thread 0x000002107d8804f0 Uncommon trap: reason=class_check action=maybe_recompile pc=0x000002106bd58f80 method=java.io.ObjectInputStream.filterCheck(Ljava/lang/Class;I)V @ 55 c2
Event: 302.471 Thread 0x000002107d8804f0 DEOPT PACKING pc=0x000002106bd58f80 sp=0x000000a92e8fedf0
Event: 302.471 Thread 0x000002107d8804f0 DEOPT UNPACKING pc=0x000002106b80f082 sp=0x000000a92e8fed88 mode 2
Event: 302.472 Thread 0x000002107d8804f0 Uncommon trap: trap_request=0xffffffde fr.pc=0x000002106bd58f80 relative=0x0000000000000180
Event: 302.472 Thread 0x000002107d8804f0 Uncommon trap: reason=class_check action=maybe_recompile pc=0x000002106bd58f80 method=java.io.ObjectInputStream.filterCheck(Ljava/lang/Class;I)V @ 55 c2
Event: 302.472 Thread 0x000002107d8804f0 DEOPT PACKING pc=0x000002106bd58f80 sp=0x000000a92e8fea40
Event: 302.472 Thread 0x000002107d8804f0 DEOPT UNPACKING pc=0x000002106b80f082 sp=0x000000a92e8fe9d8 mode 2
Event: 302.472 Thread 0x000002107d8804f0 Uncommon trap: trap_request=0xffffffde fr.pc=0x000002106bd58f80 relative=0x0000000000000180
Event: 302.472 Thread 0x000002107d8804f0 Uncommon trap: reason=class_check action=maybe_recompile pc=0x000002106bd58f80 method=java.io.ObjectInputStream.filterCheck(Ljava/lang/Class;I)V @ 55 c2
Event: 302.472 Thread 0x000002107d8804f0 DEOPT PACKING pc=0x000002106bd58f80 sp=0x000000a92e8fe6d0
Event: 302.472 Thread 0x000002107d8804f0 DEOPT UNPACKING pc=0x000002106b80f082 sp=0x000000a92e8fe668 mode 2
Event: 302.472 Thread 0x000002107d8804f0 Uncommon trap: trap_request=0xffffffde fr.pc=0x000002106bd58f80 relative=0x0000000000000180
Event: 302.472 Thread 0x000002107d8804f0 Uncommon trap: reason=class_check action=maybe_recompile pc=0x000002106bd58f80 method=java.io.ObjectInputStream.filterCheck(Ljava/lang/Class;I)V @ 55 c2
Event: 302.472 Thread 0x000002107d8804f0 DEOPT PACKING pc=0x000002106bd58f80 sp=0x000000a92e8fe7d0
Event: 302.472 Thread 0x000002107d8804f0 DEOPT UNPACKING pc=0x000002106b80f082 sp=0x000000a92e8fe768 mode 2

Classes loaded (20 events):
Event: 2.789 Loading class jdk/internal/loader/NativeLibraries$Unloader
Event: 2.790 Loading class jdk/internal/loader/NativeLibraries$Unloader done
Event: 3.156 Loading class java/lang/invoke/BoundMethodHandle$Species_LI
Event: 3.156 Loading class java/lang/invoke/BoundMethodHandle$Species_LI done
Event: 3.157 Loading class java/lang/invoke/ClassSpecializer$Factory$1
Event: 3.157 Loading class java/lang/invoke/ClassSpecializer$Factory$1 done
Event: 3.158 Loading class java/lang/invoke/ClassSpecializer$Factory$1$1
Event: 3.160 Loading class java/lang/invoke/ClassSpecializer$Factory$1$1 done
Event: 3.161 Loading class java/lang/invoke/ClassSpecializer$Factory$1$1Var
Event: 3.161 Loading class java/lang/invoke/ClassSpecializer$Factory$1$1Var done
Event: 3.163 Loading class java/lang/invoke/ClassSpecializer$Factory$1$2
Event: 3.165 Loading class java/lang/invoke/ClassSpecializer$Factory$1$2 done
Event: 3.167 Loading class java/lang/invoke/ClassSpecializer$Factory$1$3
Event: 3.168 Loading class java/lang/invoke/ClassSpecializer$Factory$1$3 done
Event: 3.168 Loading class java/lang/invoke/ClassSpecializer$Factory$1$4
Event: 3.169 Loading class java/lang/invoke/ClassSpecializer$Factory$1$4 done
Event: 3.169 Loading class java/lang/invoke/ClassSpecializer$Factory$1$5
Event: 3.169 Loading class java/lang/invoke/ClassSpecializer$Factory$1$5 done
Event: 3.169 Loading class java/lang/invoke/ClassSpecializer$Factory$1$5$1
Event: 3.169 Loading class java/lang/invoke/ClassSpecializer$Factory$1$5$1 done

Classes unloaded (0 events):
No events

Classes redefined (0 events):
No events

Internal exceptions (20 events):
Event: 2.686 Thread 0x000002107d87c670 Exception <a 'sun/nio/fs/WindowsException'{0x0000000084ce11f0}> (0x0000000084ce11f0) 
thrown [s\src\hotspot\share\prims\jni.cpp, line 535]
Event: 2.688 Thread 0x000002107d87c670 Exception <a 'sun/nio/fs/WindowsException'{0x0000000084ce1d80}> (0x0000000084ce1d80) 
thrown [s\src\hotspot\share\prims\jni.cpp, line 535]
Event: 2.858 Thread 0x000002107d87c670 Exception <a 'java/lang/NoSuchMethodError'{0x0000000084a94af8}: 'void java.lang.invoke.DirectMethodHandle$Holder.invokeInterface(java.lang.Object, java.lang.Object, java.lang.Object, java.lang.Object)'> (0x0000000084a94af8) 
thrown [s\src\hotspot\share\interpreter\linkResolver.cpp, line 815]
Event: 2.859 Thread 0x000002107d87c670 Exception <a 'java/lang/NoSuchMethodError'{0x0000000084a9d110}: 'void java.lang.invoke.DirectMethodHandle$Holder.invokeSpecial(java.lang.Object, java.lang.Object, java.lang.Object, java.lang.Object, java.lang.Object)'> (0x0000000084a9d110) 
thrown [s\src\hotspot\share\interpreter\linkResolver.cpp, line 815]
Event: 2.860 Thread 0x000002107d87c670 Exception <a 'java/lang/NoSuchMethodError'{0x0000000084abed10}: 'java.lang.Object java.lang.invoke.Invokers$Holder.invokeExact_MT(java.lang.Object, java.lang.Object, java.lang.Object, java.lang.Object, java.lang.Object)'> (0x0000000084abed10) 
thrown [s\src\hotspot\share\interpreter\linkResolver.cpp, line 815]
Event: 3.152 Thread 0x000002107d87c670 Exception <a 'java/lang/NoSuchMethodError'{0x000000008486c4c8}: 'int java.lang.invoke.DirectMethodHandle$Holder.invokeInterface(java.lang.Object, java.lang.Object, int)'> (0x000000008486c4c8) 
thrown [s\src\hotspot\share\interpreter\linkResolver.cpp, line 815]
Event: 3.171 Thread 0x000002107d87c670 Exception <a 'java/lang/NoSuchMethodError'{0x0000000084884648}: 'java.lang.Object java.lang.invoke.DirectMethodHandle$Holder.invokeStatic(java.lang.Object, java.lang.Object, java.lang.Object, java.lang.Object, int)'> (0x0000000084884648) 
thrown [s\src\hotspot\share\interpreter\linkResolver.cpp, line 815]
Event: 3.770 Thread 0x000002107d87c670 Exception <a 'java/lang/NoSuchMethodError'{0x000000008479a490}: static Lcom/intellij/database/remote/jdba/core/ConnectionInfo;.<clinit>()V> (0x000000008479a490) 
thrown [s\src\hotspot\share\prims\jni.cpp, line 1141]
Event: 3.770 Thread 0x000002107d87c670 Exception <a 'java/lang/NoSuchMethodError'{0x00000000847a0c80}: static Ljava/lang/Object;.<clinit>()V> (0x00000000847a0c80) 
thrown [s\src\hotspot\share\prims\jni.cpp, line 1141]
Event: 3.770 Thread 0x000002107d87c670 Exception <a 'java/lang/NoSuchMethodError'{0x00000000847a4bc0}: static [I.<clinit>()V> (0x00000000847a4bc0) 
thrown [s\src\hotspot\share\prims\jni.cpp, line 1141]
Event: 3.836 Thread 0x000002107d87c670 Exception <a 'java/lang/NoSuchMethodError'{0x00000000847dc738}: 'java.lang.Object java.lang.invoke.DirectMethodHandle$Holder.invokeInterface(java.lang.Object, java.lang.Object, java.lang.Object, java.lang.Object)'> (0x00000000847dc738) 
thrown [s\src\hotspot\share\interpreter\linkResolver.cpp, line 815]
Event: 3.920 Thread 0x000002107d87c670 Exception <a 'java/lang/NoSuchMethodError'{0x000000008451eb20}: 'void java.lang.invoke.DirectMethodHandle$Holder.invokeInterface(java.lang.Object, java.lang.Object, int)'> (0x000000008451eb20) 
thrown [s\src\hotspot\share\interpreter\linkResolver.cpp, line 815]
Event: 3.921 Thread 0x000002107d87c670 Exception <a 'java/lang/NoSuchMethodError'{0x0000000084526f38}: 'void java.lang.invoke.DelegatingMethodHandle$Holder.reinvoke_L(java.lang.Object, java.lang.Object, int)'> (0x0000000084526f38) 
thrown [s\src\hotspot\share\interpreter\linkResolver.cpp, line 815]
Event: 4.017 Thread 0x000002107d87c670 Exception <a 'java/lang/NoSuchMethodError'{0x0000000087f96998}: static Lcom/intellij/database/remote/jdba/core/ResultLayout;.<clinit>()V> (0x0000000087f96998) 
thrown [s\src\hotspot\share\prims\jni.cpp, line 1141]
Event: 4.021 Thread 0x000002107d87c670 Exception <a 'java/lang/NoSuchMethodError'{0x0000000087fa26e0}: static Lcom/intellij/database/remote/jdba/core/RowLayout;.<clinit>()V> (0x0000000087fa26e0) 
thrown [s\src\hotspot\share\prims\jni.cpp, line 1141]
Event: 4.022 Thread 0x000002107d87c670 Exception <a 'java/lang/NoSuchMethodError'{0x0000000087fab4b8}: static Lcom/intellij/database/remote/jdba/util/NameAndClass;.<clinit>()V> (0x0000000087fab4b8) 
thrown [s\src\hotspot\share\prims\jni.cpp, line 1141]
Event: 4.024 Thread 0x000002107d87c670 Exception <a 'java/lang/NoSuchMethodError'{0x0000000087fba990}: 'java.lang.Object java.lang.invoke.DirectMethodHandle$Holder.invokeInterface(java.lang.Object, java.lang.Object, int, java.lang.Object)'> (0x0000000087fba990) 
thrown [s\src\hotspot\share\interpreter\linkResolver.cpp, line 815]
Event: 4.050 Thread 0x000002107d87c670 Exception <a 'java/lang/NoSuchMethodError'{0x0000000087e43880}: 'java.lang.Object java.lang.invoke.DirectMethodHandle$Holder.invokeSpecial(java.lang.Object, java.lang.Object, int, java.lang.Object, long)'> (0x0000000087e43880) 
thrown [s\src\hotspot\share\interpreter\linkResolver.cpp, line 815]
Event: 4.065 Thread 0x000002107d87c670 Exception <a 'java/lang/NoSuchMethodError'{0x0000000087eda850}: static [Ljava/lang/Object;.<clinit>()V> (0x0000000087eda850) 
thrown [s\src\hotspot\share\prims\jni.cpp, line 1141]
Event: 4.876 Thread 0x000002107d87c670 Exception <a 'java/lang/NoSuchMethodError'{0x00000000876353e8}: 'java.lang.Object java.lang.invoke.DirectMethodHandle$Holder.newInvokeSpecial(java.lang.Object, java.lang.Object, long)'> (0x00000000876353e8) 
thrown [s\src\hotspot\share\interpreter\linkResolver.cpp, line 815]

VM Operations (20 events):
Event: 0.724 Executing non-safepoint VM operation: HandshakeAllThreads (Deoptimize)
Event: 0.724 Executing non-safepoint VM operation: HandshakeAllThreads (Deoptimize) done
Event: 0.786 Executing safepoint VM operation: G1CollectForAllocation (G1 Evacuation Pause)
Event: 0.794 Executing safepoint VM operation: G1CollectForAllocation (G1 Evacuation Pause) done
Event: 1.140 Executing non-safepoint VM operation: HandshakeAllThreads (Deoptimize)
Event: 1.140 Executing non-safepoint VM operation: HandshakeAllThreads (Deoptimize) done
Event: 2.019 Executing non-safepoint VM operation: HandshakeAllThreads (Deoptimize)
Event: 2.019 Executing non-safepoint VM operation: HandshakeAllThreads (Deoptimize) done
Event: 2.437 Executing non-safepoint VM operation: HandshakeAllThreads (Deoptimize)
Event: 2.437 Executing non-safepoint VM operation: HandshakeAllThreads (Deoptimize) done
Event: 2.580 Executing non-safepoint VM operation: HandshakeAllThreads (Deoptimize)
Event: 2.580 Executing non-safepoint VM operation: HandshakeAllThreads (Deoptimize) done
Event: 3.943 Executing safepoint VM operation: G1CollectForAllocation (G1 Evacuation Pause)
Event: 3.955 Executing safepoint VM operation: G1CollectForAllocation (G1 Evacuation Pause) done
Event: 17.286 Executing non-safepoint VM operation: HandshakeAllThreads (Deoptimize)
Event: 17.286 Executing non-safepoint VM operation: HandshakeAllThreads (Deoptimize) done
Event: 60.253 Executing non-safepoint VM operation: HandshakeAllThreads (HandshakeForDeflation)
Event: 60.254 Executing non-safepoint VM operation: HandshakeAllThreads (HandshakeForDeflation) done
Event: 60.254 Executing non-safepoint VM operation: RendezvousGCThreads
Event: 60.254 Executing non-safepoint VM operation: RendezvousGCThreads done

Memory protections (0 events):
No events

Nmethod flushes (0 events):
No events

Events (20 events):
Event: 1.983 Thread 0x000002107d5f78c0 Thread added: 0x000002107d881750
Event: 2.047 Thread 0x000002107d881750 Thread added: 0x000002107d87bea0
Event: 2.084 Thread 0x000002107d60c4e0 Thread added: 0x000002107d87af00
Event: 2.086 Thread 0x000002107d60c4e0 Thread added: 0x000002107d87c670
Event: 2.218 Thread 0x000002107d87c670 Thread added: 0x000002107d8804f0
Event: 2.787 Loaded shared library C:\Users\OP5-L85\AppData\Local\JetBrains\PhpStorm2026.1\classpath\native-libs\Xerial SQLiteJDBC\3.51.1\sqlite-jdbc-3.51.1.0\libs\sqlite-3.51.1.0-22dd8874-3059-4787-8ed8-2d001436ccb1-sqlitejdbc.dll
Event: 3.148 Thread 0x000002107d87af00 Thread added: 0x000002107d87fd20
Event: 3.149 Thread 0x000002107d87af00 Thread added: 0x000002107d87e5b0
Event: 3.151 Thread 0x000002107d87fd20 Thread exited: 0x000002107d87fd20
Event: 3.154 Thread 0x000002107d87e5b0 Thread exited: 0x000002107d87e5b0
Event: 5.205 Thread 0x0000021078b74ac0 Thread added: 0x0000021078b78330
Event: 6.350 Thread 0x0000021078b78330 Thread exited: 0x0000021078b78330
Event: 6.860 Thread 0x000002107d87c670 Thread added: 0x000002107dcefbb0
Event: 6.860 Thread 0x000002107d87c670 Thread added: 0x000002107dcee440
Event: 6.860 Thread 0x000002107d87c670 Thread added: 0x000002107dcf1320
Event: 6.860 Thread 0x000002107dcefbb0 Thread exited: 0x000002107dcefbb0
Event: 6.860 Thread 0x000002107dcee440 Thread exited: 0x000002107dcee440
Event: 6.860 Thread 0x000002107dcf1320 Thread exited: 0x000002107dcf1320
Event: 92.092 Thread 0x000002107d881750 Thread exited: 0x000002107d881750
Event: 92.125 Thread 0x000002107d87af00 Thread exited: 0x000002107d87af00


Dynamic libraries:
0x00007ff6afff0000 - 0x00007ff6afffa000 	C:\Program Files\JetBrains\PhpStorm 2025.3.3\jbr\bin\java.exe
0x00007ffd9b000000 - 0x00007ffd9b266000 	C:\Windows\SYSTEM32\ntdll.dll
0x00007ffd99a20000 - 0x00007ffd99ae9000 	C:\Windows\System32\KERNEL32.DLL
0x00007ffd98790000 - 0x00007ffd98b8f000 	C:\Windows\System32\KERNELBASE.dll
0x00007ffd98bd0000 - 0x00007ffd98d1c000 	C:\Windows\System32\ucrtbase.dll
0x00007ffd08a20000 - 0x00007ffd08a37000 	C:\Program Files\JetBrains\PhpStorm 2025.3.3\jbr\bin\jli.dll
0x00007ffd8dbc0000 - 0x00007ffd8dbde000 	C:\Program Files\JetBrains\PhpStorm 2025.3.3\jbr\bin\VCRUNTIME140.dll
0x00007ffd99af0000 - 0x00007ffd99cb6000 	C:\Windows\System32\USER32.dll
0x00007ffd98ba0000 - 0x00007ffd98bc7000 	C:\Windows\System32\win32u.dll
0x00007ffd85f50000 - 0x00007ffd861e1000 	C:\Windows\WinSxS\amd64_microsoft.windows.common-controls_6595b64144ccf1df_6.0.26100.8972_none_3e0da176e32f9d4b\COMCTL32.dll
0x00007ffd99020000 - 0x00007ffd9904b000 	C:\Windows\System32\GDI32.dll
0x00007ffd998e0000 - 0x00007ffd99989000 	C:\Windows\System32\msvcrt.dll
0x00007ffd98210000 - 0x00007ffd98339000 	C:\Windows\System32\gdi32full.dll
0x00007ffd98340000 - 0x00007ffd983e3000 	C:\Windows\System32\msvcp_win.dll
0x00007ffd9a170000 - 0x00007ffd9a1a2000 	C:\Windows\System32\IMM32.DLL
0x00007ffd802f0000 - 0x00007ffd803e2000 	C:\Program Files\Windhawk\Engine\1.7.3\64\windhawk.dll
0x00007ffd991b0000 - 0x00007ffd9926c000 	C:\Windows\System32\ADVAPI32.dll
0x00007ffd99280000 - 0x00007ffd9932a000 	C:\Windows\System32\sechost.dll
0x00007ffd99050000 - 0x00007ffd99168000 	C:\Windows\System32\RPCRT4.dll
0x00007ffd8dbb0000 - 0x00007ffd8dbbc000 	C:\Program Files\JetBrains\PhpStorm 2025.3.3\jbr\bin\vcruntime140_1.dll
0x00007ffd08630000 - 0x00007ffd086b9000 	C:\Program Files\JetBrains\PhpStorm 2025.3.3\jbr\bin\msvcp140.dll
0x00007ffccac80000 - 0x00007ffccbbd2000 	C:\Program Files\JetBrains\PhpStorm 2025.3.3\jbr\bin\server\jvm.dll
0x00007ffd99f40000 - 0x00007ffd99fc2000 	C:\Windows\System32\WS2_32.dll
0x00007ffd8d420000 - 0x00007ffd8d42b000 	C:\Windows\SYSTEM32\VERSION.dll
0x00007ffd88760000 - 0x00007ffd88796000 	C:\Windows\SYSTEM32\WINMM.dll
0x00007ffd96d60000 - 0x00007ffd96dbe000 	C:\Windows\SYSTEM32\POWRPROF.dll
0x00007ffd96d40000 - 0x00007ffd96d55000 	C:\Windows\SYSTEM32\UMPDC.dll
0x00007ffd97020000 - 0x00007ffd9703b000 	C:\Windows\SYSTEM32\kernel.appcore.dll
0x00007ffd8dba0000 - 0x00007ffd8dbaa000 	C:\Program Files\JetBrains\PhpStorm 2025.3.3\jbr\bin\jimage.dll
0x00007ffd956a0000 - 0x00007ffd958e2000 	C:\Windows\SYSTEM32\DBGHELP.DLL
0x00007ffd994c0000 - 0x00007ffd99845000 	C:\Windows\System32\combase.dll
0x00007ffd9a1b0000 - 0x00007ffd9a289000 	C:\Windows\System32\OLEAUT32.dll
0x00007ffd83f30000 - 0x00007ffd83f6b000 	C:\Windows\SYSTEM32\dbgcore.DLL
0x00007ffd98580000 - 0x00007ffd9862c000 	C:\Windows\System32\bcryptPrimitives.dll
0x00007ffd8db80000 - 0x00007ffd8db9f000 	C:\Program Files\JetBrains\PhpStorm 2025.3.3\jbr\bin\java.dll
0x00007ffd99fd0000 - 0x00007ffd9a169000 	C:\Windows\System32\ole32.dll
0x00007ffd9a290000 - 0x00007ffd9aa18000 	C:\Windows\System32\SHELL32.dll
0x00007ffd95bb0000 - 0x00007ffd9644b000 	C:\Windows\SYSTEM32\windows.storage.dll
0x00007ffd9aa20000 - 0x00007ffd9ab19000 	C:\Windows\System32\SHCORE.dll
0x00007ffd99ec0000 - 0x00007ffd99f26000 	C:\Windows\System32\shlwapi.dll
0x00007ffd98130000 - 0x00007ffd98159000 	C:\Windows\SYSTEM32\profapi.dll
0x00007ffd8c4c0000 - 0x00007ffd8c4d2000 	C:\Program Files\JetBrains\PhpStorm 2025.3.3\jbr\bin\net.dll
0x00007ffd975d0000 - 0x00007ffd9763c000 	C:\Windows\system32\mswsock.dll
0x00007ffd8c4a0000 - 0x00007ffd8c4b6000 	C:\Program Files\JetBrains\PhpStorm 2025.3.3\jbr\bin\nio.dll
0x00007ffd8d3a0000 - 0x00007ffd8d3b7000 	C:\Program Files\JetBrains\PhpStorm 2025.3.3\jbr\bin\zip.dll
0x00007ffd96890000 - 0x00007ffd968c3000 	C:\Windows\SYSTEM32\IPHLPAPI.DLL
0x00007ffd9afb0000 - 0x00007ffd9afba000 	C:\Windows\System32\NSI.dll
0x00007ffd978c0000 - 0x00007ffd978db000 	C:\Windows\SYSTEM32\CRYPTSP.dll
0x00007ffd96f80000 - 0x00007ffd96fb9000 	C:\Windows\system32\rsaenh.dll
0x00007ffd97680000 - 0x00007ffd976b2000 	C:\Windows\SYSTEM32\USERENV.dll
0x00007ffd98100000 - 0x00007ffd9812a000 	C:\Windows\SYSTEM32\bcrypt.dll
0x00007ffd978e0000 - 0x00007ffd978ec000 	C:\Windows\SYSTEM32\CRYPTBASE.dll
0x00007ffd8c490000 - 0x00007ffd8c499000 	C:\Program Files\JetBrains\PhpStorm 2025.3.3\jbr\bin\extnet.dll
0x00007ffd84150000 - 0x00007ffd84157000 	C:\Program Files\JetBrains\PhpStorm 2025.3.3\jbr\bin\rmi.dll
0x00007ffd35370000 - 0x00007ffd3546c000 	C:\Users\OP5-L85\AppData\Local\JetBrains\PhpStorm2026.1\classpath\native-libs\Xerial SQLiteJDBC\3.51.1\sqlite-jdbc-3.51.1.0\libs\sqlite-3.51.1.0-22dd8874-3059-4787-8ed8-2d001436ccb1-sqlitejdbc.dll

JVMTI agents: none

dbghelp: loaded successfully - version: 4.0.5 - missing functions: none
symbol engine: initialized successfully - sym options: 0x614 - pdb path: .;C:\Program Files\JetBrains\PhpStorm 2025.3.3\jbr\bin;C:\Windows\SYSTEM32;C:\Windows\WinSxS\amd64_microsoft.windows.common-controls_6595b64144ccf1df_6.0.26100.8972_none_3e0da176e32f9d4b;C:\Program Files\Windhawk\Engine\1.7.3\64;C:\Program Files\JetBrains\PhpStorm 2025.3.3\jbr\bin\server;C:\Users\OP5-L85\AppData\Local\JetBrains\PhpStorm2026.1\classpath\native-libs\Xerial SQLiteJDBC\3.51.1\sqlite-jdbc-3.51.1.0\libs

VM Arguments:
jvm_args: -Djava.rmi.server.hostname=127.0.0.1 -Duser.timezone=UTC -Xmx2048m -Xms128m -Dorg.sqlite.tmpdir=C:\Users\OP5-L85\AppData\Local\JetBrains\PhpStorm2026.1\classpath\native-libs\Xerial SQLiteJDBC\3.51.1\sqlite-jdbc-3.51.1.0\libs --add-exports=java.desktop/sun.awt=ALL-UNNAMED --add-exports=java.desktop/java.awt.peer=ALL-UNNAMED --add-opens=java.desktop/java.awt=ALL-UNNAMED --add-opens=jdk.unsupported/sun.misc=ALL-UNNAMED --add-opens=java.base/java.nio=ALL-UNNAMED --add-opens=java.base/java.util=ALL-UNNAMED -Dfile.encoding=UTF-8 -Dsun.stdout.encoding=UTF-8 -Dsun.stderr.encoding=UTF-8 
java_command: com.intellij.database.remote.RemoteJdbcServer org.sqlite.JDBC
java_class_path (initial): C:\Program Files\JetBrains\PhpStorm 2025.3.3\lib\util_rt.jar;C:\Program Files\JetBrains\PhpStorm 2025.3.3\lib\intellij.libraries.fastutil.jar;C:\Program Files\JetBrains\PhpStorm 2025.3.3\lib\groovy.jar;C:\Program Files\JetBrains\PhpStorm 2025.3.3\plugins\DatabaseTools\lib\modules\intellij.database.jdbcConsole.jar;C:\Program Files\JetBrains\PhpStorm 2025.3.3\lib\intellij.grid.types.jar;C:\Program Files\JetBrains\PhpStorm 2025.3.3\lib\intellij.libraries.jbr.jar;C:\Program Files\JetBrains\PhpStorm 2025.3.3\lib\intellij.libraries.bouncy.castle.provider.jar
Launcher Type: SUN_STANDARD

[Global flags]
     intx CICompilerCount                          = 4                                         {product} {ergonomic}
     uint ConcGCThreads                            = 3                                         {product} {ergonomic}
     uint G1ConcRefinementThreads                  = 10                                        {product} {ergonomic}
   size_t G1HeapRegionSize                         = 1048576                                   {product} {ergonomic}
   size_t InitialHeapSize                          = 134217728                                 {product} {command line}
   size_t MarkStackSize                            = 4194304                                   {product} {ergonomic}
   size_t MarkStackSizeMax                         = 536870912                                 {product} {ergonomic}
   size_t MaxHeapSize                              = 2147483648                                {product} {command line}
   size_t MaxNewSize                               = 1287651328                                {product} {ergonomic}
   size_t MinHeapDeltaBytes                        = 1048576                                   {product} {ergonomic}
   size_t MinHeapSize                              = 134217728                                 {product} {command line}
    uintx NonNMethodCodeHeapSize                   = 5832704                                {pd product} {ergonomic}
    uintx NonProfiledCodeHeapSize                  = 122945536                              {pd product} {ergonomic}
    uintx ProfiledCodeHeapSize                     = 122880000                              {pd product} {ergonomic}
    uintx ReservedCodeCacheSize                    = 251658240                              {pd product} {ergonomic}
     bool SegmentedCodeCache                       = true                                      {product} {ergonomic}
   size_t SoftMaxHeapSize                          = 2147483648                             {manageable} {ergonomic}
     bool UseCompressedOops                        = true                           {product lp64_product} {ergonomic}
     bool UseG1GC                                  = true                                      {product} {ergonomic}
     bool UseLargePagesIndividualAllocation        = false                                  {pd product} {ergonomic}

Logging:
Log output configuration:
 #0: stdout all=warning uptime,level,tags foldmultilines=false
 #1: stderr all=off uptime,level,tags foldmultilines=false

Release file:
JAVA_VERSION="25.0.2" 
MODULES="java.base java.datatransfer java.xml java.prefs java.desktop gluegen.rt java.compiler java.instrument java.logging java.management java.security.sasl java.naming java.rmi java.management.rmi java.net.http java.scripting java.security.jgss java.transaction.xa java.sql java.sql.rowset java.xml.crypto java.se java.smartcardio jogl.all jcef jdk.accessibility jdk.internal.jvmstat jdk.attach jdk.charsets jdk.internal.opt jdk.zipfs jdk.compiler jdk.crypto.cryptoki jdk.crypto.ec jdk.crypto.mscapi jdk.dynalink jdk.hotspot.agent jdk.httpserver jdk.internal.ed jdk.internal.le jdk.internal.md jdk.internal.vm.ci jdk.javadoc jdk.jcmd jdk.jdwp.agent jdk.jdi jdk.jfr jdk.localedata jdk.management jdk.management.agent jdk.management.jfr jdk.naming.dns jdk.naming.rmi jdk.net jdk.sctp jdk.security.auth jdk.security.jgss jdk.unsupported jdk.unsupported.desktop jdk.xml.dom" 
IMPLEMENTOR="JetBrains s.r.o." 
IMPLEMENTOR_VERSION="JBR-25.0.2+1-329.72-jcef" 
JAVA_RUNTIME_VERSION="25.0.2+1-b329.72" 
LIBC="default" 
OS_ARCH="x86_64" 
OS_NAME="Windows" 
SOURCE=".:git:80f896300e04+ jcef_git:git:4a605f44671a" 
JCEF_VERSION="137.0.17.1131+ga492f5c" 
JCEF_COMMIT_HASH="a492f5c1bbe877d2f58d4b066d0a1c89ab579b84" 
JCEF_VERSION_DETAILED=137.0.17-gf354b0e-chromium-137.0.7151.104-api-1.21-261-b65

Environment Variables:
PATH=C:\newappraporsmp2025\php;C:\Program Files\NVIDIA Corporation\NVIDIA App\NvDLISR;C:\Program Files\dotnet\;C:\Program Files\nodejs;C:\Program Files\Git\cmd;C:\Users\OP5-L85\AppData\Local\Python\pythoncore-3.14-64;C:\Python314;C:\Users\OP5-L85\.config\herd-lite\bin;C:\Users\OP5-L85\AppData\Local\Microsoft\WindowsApps;D:\php-8.5.5;C:\Users\OP5-L85\AppData\Roaming\Composer\vendor\bin;C:\Users\OP5-L85\AppData\Roaming\npm;C:\Users\OP5-L85\.dotnet\tools;C:\Users\OP5-L85\AppData\Local\Python\bin;C:\Program Files\nodejs;C:\Program Files\Git\cmd;C:\Users\OP5-L85\AppData\Local\Python\pythoncore-3.14-64;C:\Python314;
USERNAME=OP5-L85
OS=Windows_NT
PROCESSOR_IDENTIFIER=Intel64 Family 6 Model 186 Stepping 2, GenuineIntel
TMP=C:\Users\OP5-L85\AppData\Local\Temp
TEMP=C:\Users\OP5-L85\AppData\Local\Temp




Compilation memory statistics disabled.

Periodic native trim disabled

JNI global refs:
JNI global refs: 17, weak refs: 10

JNI global refs memory usage: 835, weak refs: 833

Process memory usage:
Resident Set Size: 30028K (0% of 8085152K total physical memory with 441836K free physical memory)

OOME stack traces (most recent first):
Classloader memory used:
Loader jdk.internal.loader.ClassLoaders$AppClassLoader                                 : 5235 K
Loader bootstrap                                                                       : 3818 K
Loader com.intellij.database.remote.jdbc.impl.JdbcClassLoader$JdbcClassLoaderImpl      : 801 K
Loader jdk.internal.loader.ClassLoaders$PlatformClassLoader                            : 230 K

---------------  S Y S T E M  ---------------

OS:
 Windows 11 , 64 bit Build 26100 (10.0.26100.9168)
OS uptime: 1 days 18:22 hours
Hyper-V role detected

CPU: total 12 (initial active 12) (6 cores per cpu, 2 threads per core) family 6 model 186 stepping 2 microcode 0x410e, cx8, cmov, fxsr, ht, mmx, 3dnowpref, sse, sse2, sse3, ssse3, sse4.1, sse4.2, popcnt, lzcnt, tsc, tscinvbit, avx, avx2, aes, erms, clmul, bmi1, bmi2, adx, sha, fma, vzeroupper, clflush, clflushopt, clwb, hv, serialize, rdtscp, rdpid, fsrm, gfni, f16c, cet_ibt, cet_ss
Processor Information for the first 12 processors :
  Max Mhz: 2100, Current Mhz: 2100, Mhz Limit: 2100

Memory: 4k page, system-wide physical 7895M (412M free)
TotalPageFile size 32471M (AvailPageFile size 6M)
current process WorkingSet (physical memory assigned to process): 35M, peak: 183M
current process commit charge ("private bytes"): 263M, peak: 301M

vm_info: OpenJDK 64-Bit Server VM (25.0.2+1-b329.72) for windows-amd64 JRE (25.0.2+1-b329.72), built on 2026-03-02 with MS VC++ 17.14 (VS2022)

END.
